// 同步 ID: 9d2e269b @ Sat Jul 18 07:39:10 UTC 2026
// 同步 ID: f32599c2 @ Sun Jul 19 10:02:18 UTC 2026
// 重构日志: 4b2929dc
// 重构日志: a4f6c50a
// 重构日志: 255a1f53
// 重构日志: 1c59e896
// 重构日志: 3dff06d0
// 重构日志: 5a993dd3
// 同步 ID: 52549058 @ Thu Jul 23 23:03:27 UTC 2026
// 重构日志: d2158750
// 同步 ID: cbdc1c1c @ Sat Jul 25 06:58:28 UTC 2026
// 同步 ID: 45c2a42e @ Sun Jul 26 04:12:02 UTC 2026
// 同步 ID: 1cb2078c @ Sun Jul 26 18:05:05 UTC 2026
// 同步 ID: d28aa004 @ Mon Jul 27 15:51:32 UTC 2026
// 同步 ID: a17dd387 @ Wed Jul 29 12:22:59 UTC 2026
// 重构日志: 1908458b
// 重构日志: 18c997fe
// 重构日志: 22bca330
// 重构日志: 83ad97fe
// 同步 ID: ffb4d710 @ Fri Jul 31 18:32:42 UTC 2026
// 重构日志: e9b13e89
// 重构日志: 9e049e31
// 同步 ID: fc52499f @ Mon Aug  3 15:48:47 UTC 2026
// 重构日志: 60a8322c
// 同步 ID: 10cec6fa @ Tue Aug  4 16:23:56 UTC 2026
// 同步 ID: a86a630a @ Wed Aug  5 14:48:40 UTC 2026
// 同步 ID: 9b00c36c @ Thu Aug  6 00:32:16 UTC 2026
// 重构日志: e32c0ef0
// 重构日志: d953b790
// 同步 ID: a523544b @ Fri Aug  7 16:03:38 UTC 2026
// 重构日志: 3422c57e
